// Jest Snapshot v1, https://goo.gl/fbAQLP

exports[`renders modal correctly should match the snapshot 1`] = `
<DocumentFragment>
  <div
    class=" night-mode-container z-1 fixed pt-[200px] top-0 left-0 w-full h-full justify-center items-center  bg-opacity-0 transition duration-150 ease-in-out"
  >
    <div
      class="relative bg-white m-auto p-0 shadow-2xl border-lime-600 border-4 w-[80vw] text-center text-black-900 duration-75  rounded-xl h-[200px] justify-center items-center"
    >
      <div
        class="bg-white-900 text-center text-black-900 justify-center items-center"
      />
      <nav>
        <span
          class="night-mode-container float-right text-2xl cursor-pointer mr-5"
        >
          <a
            href="/my-flashcards"
          >
            âœ–
          </a>
        </span>
      </nav>
      <div
        class="flex flex-col justify-center items-center m-2 bg-white-900 mt-15 h-full"
      >
        <h1
          class="font-bold text-2xl"
        >
           Test
        </h1>
      </div>
      <div
        class="h-[10px]"
      />
    </div>
  </div>
</DocumentFragment>
`;
